Archive member included because of file (symbol)

c:/winavr-20080610/bin/../lib/gcc/avr/4.3.0/avr4\libgcc.a(_udivmodqi4.o)
                              Led7.o (__udivmodqi4)
c:/winavr-20080610/bin/../lib/gcc/avr/4.3.0/avr4\libgcc.a(_udivmodhi4.o)
                              Led7.o (__udivmodhi4)
c:/winavr-20080610/bin/../lib/gcc/avr/4.3.0/avr4\libgcc.a(_divmodhi4.o)
                              Timer.o (__divmodhi4)
c:/winavr-20080610/bin/../lib/gcc/avr/4.3.0/avr4\libgcc.a(_exit.o)
                              c:/winavr-20080610/bin/../lib/gcc/avr/4.3.0/../../../../avr/lib/avr4/crtm8.o (exit)
c:/winavr-20080610/bin/../lib/gcc/avr/4.3.0/avr4\libgcc.a(_copy_data.o)
                              Main.o (__do_copy_data)
c:/winavr-20080610/bin/../lib/gcc/avr/4.3.0/avr4\libgcc.a(_clear_bss.o)
                              Main.o (__do_clear_bss)

Allocating common symbols
Common symbol       size              file

tmp                 0x1               Main.o
Second              0x2               Led7.o
IndexScanLed        0x1               Timer.o
FlagFirstTimeGetSensor
                    0x1               Race.o
Input0              0x1               Sensor.o
GetCommand          0x1               Main.o
Input2              0x1               Sensor.o
DelayTime           0x2               Race.o
Input3              0x1               Sensor.o
StorageResult       0x3c              Race.o
Input1              0x1               Sensor.o
CountTimer          0x1               Timer.o
SensorFlag          0x1               Sensor.o
RaceStatus          0x1               Race.o
OldInput            0x1               Sensor.o
Tick                0x1               Led7.o
tmp1                0x1               Main.o
Lap                 0x1               Race.o
ButtonFlag          0x1               Sensor.o

Memory Configuration

Name             Origin             Length             Attributes
text             0x00000000         0x00002000         xr
data             0x00800060         0x0000ffa0         rw !x
eeprom           0x00810000         0x00010000         rw !x
fuse             0x00820000         0x00000400         rw !x
lock             0x00830000         0x00000400         rw !x
signature        0x00840000         0x00000400         rw !x
*default*        0x00000000         0xffffffff

Linker script and memory map

LOAD c:/winavr-20080610/bin/../lib/gcc/avr/4.3.0/../../../../avr/lib/avr4/crtm8.o
LOAD Main.o
LOAD RCServo.o
LOAD Led7.o
LOAD RF.o
LOAD Sensor.o
LOAD Race.o
LOAD EEPROM.o
LOAD Timer.o
LOAD c:/winavr-20080610/bin/../lib/gcc/avr/4.3.0/avr4\libgcc.a
LOAD c:/winavr-20080610/bin/../lib/gcc/avr/4.3.0/../../../../avr/lib/avr4\libc.a
LOAD c:/winavr-20080610/bin/../lib/gcc/avr/4.3.0/avr4\libgcc.a

.hash
 *(.hash)

.dynsym
 *(.dynsym)

.dynstr
 *(.dynstr)

.gnu.version
 *(.gnu.version)

.gnu.version_d
 *(.gnu.version_d)

.gnu.version_r
 *(.gnu.version_r)

.rel.init
 *(.rel.init)

.rela.init
 *(.rela.init)

.rel.text
 *(.rel.text)
 *(.rel.text.*)
 *(.rel.gnu.linkonce.t*)

.rela.text
 *(.rela.text)
 *(.rela.text.*)
 *(.rela.gnu.linkonce.t*)

.rel.fini
 *(.rel.fini)

.rela.fini
 *(.rela.fini)

.rel.rodata
 *(.rel.rodata)
 *(.rel.rodata.*)
 *(.rel.gnu.linkonce.r*)

.rela.rodata
 *(.rela.rodata)
 *(.rela.rodata.*)
 *(.rela.gnu.linkonce.r*)

.rel.data
 *(.rel.data)
 *(.rel.data.*)
 *(.rel.gnu.linkonce.d*)

.rela.data
 *(.rela.data)
 *(.rela.data.*)
 *(.rela.gnu.linkonce.d*)

.rel.ctors
 *(.rel.ctors)

.rela.ctors
 *(.rela.ctors)

.rel.dtors
 *(.rel.dtors)

.rela.dtors
 *(.rela.dtors)

.rel.got
 *(.rel.got)

.rela.got
 *(.rela.got)

.rel.bss
 *(.rel.bss)

.rela.bss
 *(.rela.bss)

.rel.plt
 *(.rel.plt)

.rela.plt
 *(.rela.plt)

.text           0x00000000      0x78a
 *(.vectors)
 .vectors       0x00000000       0x26 c:/winavr-20080610/bin/../lib/gcc/avr/4.3.0/../../../../avr/lib/avr4/crtm8.o
                0x00000000                __vectors
                0x00000000                __vector_default
 *(.vectors)
 *(.progmem.gcc*)
 *(.progmem*)
                0x00000026                . = ALIGN (0x2)
                0x00000026                __trampolines_start = .
 *(.trampolines)
 .trampolines   0x00000026        0x0 linker stubs
 *(.trampolines*)
                0x00000026                __trampolines_end = .
 *(.jumptables)
 *(.jumptables*)
 *(.lowtext)
 *(.lowtext*)
                0x00000026                __ctors_start = .
 *(.ctors)
                0x00000026                __ctors_end = .
                0x00000026                __dtors_start = .
 *(.dtors)
                0x00000026                __dtors_end = .
 SORT(*)(.ctors)
 SORT(*)(.dtors)
 *(.init0)
 .init0         0x00000026        0x0 c:/winavr-20080610/bin/../lib/gcc/avr/4.3.0/../../../../avr/lib/avr4/crtm8.o
                0x00000026                __init
 *(.init0)
 *(.init1)
 *(.init1)
 *(.init2)
 .init2         0x00000026        0xc c:/winavr-20080610/bin/../lib/gcc/avr/4.3.0/../../../../avr/lib/avr4/crtm8.o
 *(.init2)
 *(.init3)
 *(.init3)
 *(.init4)
 .init4         0x00000032       0x16 c:/winavr-20080610/bin/../lib/gcc/avr/4.3.0/avr4\libgcc.a(_copy_data.o)
                0x00000032                __do_copy_data
 .init4         0x00000048       0x10 c:/winavr-20080610/bin/../lib/gcc/avr/4.3.0/avr4\libgcc.a(_clear_bss.o)
                0x00000048                __do_clear_bss
 *(.init4)
 *(.init5)
 *(.init5)
 *(.init6)
 *(.init6)
 *(.init7)
 *(.init7)
 *(.init8)
 *(.init8)
 *(.init9)
 .init9         0x00000058        0x4 c:/winavr-20080610/bin/../lib/gcc/avr/4.3.0/../../../../avr/lib/avr4/crtm8.o
 *(.init9)
 *(.text)
 .text          0x0000005c        0x2 c:/winavr-20080610/bin/../lib/gcc/avr/4.3.0/../../../../avr/lib/avr4/crtm8.o
                0x0000005c                __vector_1
                0x0000005c                __vector_12
                0x0000005c                __bad_interrupt
                0x0000005c                __vector_6
                0x0000005c                __vector_3
                0x0000005c                __vector_11
                0x0000005c                __vector_13
                0x0000005c                __vector_17
                0x0000005c                __vector_7
                0x0000005c                __vector_5
                0x0000005c                __vector_4
                0x0000005c                __vector_2
                0x0000005c                __vector_15
                0x0000005c                __vector_8
                0x0000005c                __vector_14
                0x0000005c                __vector_10
                0x0000005c                __vector_16
                0x0000005c                __vector_18
 .text          0x0000005e      0x13a Main.o
                0x0000005e                init_Atmega8
                0x00000074                main
 .text          0x00000198       0x1e RCServo.o
                0x00000198                handle
 .text          0x000001b6      0x17c Led7.o
                0x000001d6                SPI_write
                0x000001b6                init_SPI
                0x0000022e                clock_tick
                0x000001e0                scan_led
                0x00000318                clear_led
                0x000001d2                SPI_read
                0x0000026e                update_buffer
                0x000001be                init_LED7
 .text          0x00000332       0x1e RF.o
                0x0000034c                uart_get
                0x00000332                uart_init
                0x00000344                uart_put
 .text          0x00000350       0x4e Sensor.o
                0x00000350                init_sensor
                0x00000356                update_input
 .text          0x0000039e      0x27a Race.o
                0x000003b6                count_down
                0x0000039e                start_racing
                0x000005f2                init_race
                0x0000046a                racing
 .text          0x00000618       0x1e EEPROM.o
                0x00000628                EEPROM_read
                0x00000618                EEPROM_write
 .text          0x00000636       0xea Timer.o
                0x00000636                init_timer
                0x0000067c                __vector_9
 .text          0x00000720        0x0 c:/winavr-20080610/bin/../lib/gcc/avr/4.3.0/avr4\libgcc.a(_udivmodqi4.o)
 .text          0x00000720        0x0 c:/winavr-20080610/bin/../lib/gcc/avr/4.3.0/avr4\libgcc.a(_udivmodhi4.o)
 .text          0x00000720        0x0 c:/winavr-20080610/bin/../lib/gcc/avr/4.3.0/avr4\libgcc.a(_divmodhi4.o)
 .text          0x00000720        0x0 c:/winavr-20080610/bin/../lib/gcc/avr/4.3.0/avr4\libgcc.a(_exit.o)
 .text          0x00000720        0x0 c:/winavr-20080610/bin/../lib/gcc/avr/4.3.0/avr4\libgcc.a(_copy_data.o)
 .text          0x00000720        0x0 c:/winavr-20080610/bin/../lib/gcc/avr/4.3.0/avr4\libgcc.a(_clear_bss.o)
                0x00000720                . = ALIGN (0x2)
 *(.text.*)
 .text.libgcc   0x00000720       0x18 c:/winavr-20080610/bin/../lib/gcc/avr/4.3.0/avr4\libgcc.a(_udivmodqi4.o)
                0x00000720                __udivmodqi4
 .text.libgcc   0x00000738       0x28 c:/winavr-20080610/bin/../lib/gcc/avr/4.3.0/avr4\libgcc.a(_udivmodhi4.o)
                0x00000738                __udivmodhi4
 .text.libgcc   0x00000760       0x26 c:/winavr-20080610/bin/../lib/gcc/avr/4.3.0/avr4\libgcc.a(_divmodhi4.o)
                0x00000760                __divmodhi4
                0x00000760                _div
 .text.libgcc   0x00000786        0x0 c:/winavr-20080610/bin/../lib/gcc/avr/4.3.0/avr4\libgcc.a(_exit.o)
 .text.libgcc   0x00000786        0x0 c:/winavr-20080610/bin/../lib/gcc/avr/4.3.0/avr4\libgcc.a(_copy_data.o)
 .text.libgcc   0x00000786        0x0 c:/winavr-20080610/bin/../lib/gcc/avr/4.3.0/avr4\libgcc.a(_clear_bss.o)
                0x00000786                . = ALIGN (0x2)
 *(.fini9)
 .fini9         0x00000786        0x0 c:/winavr-20080610/bin/../lib/gcc/avr/4.3.0/avr4\libgcc.a(_exit.o)
                0x00000786                exit
                0x00000786                _exit
 *(.fini9)
 *(.fini8)
 *(.fini8)
 *(.fini7)
 *(.fini7)
 *(.fini6)
 *(.fini6)
 *(.fini5)
 *(.fini5)
 *(.fini4)
 *(.fini4)
 *(.fini3)
 *(.fini3)
 *(.fini2)
 *(.fini2)
 *(.fini1)
 *(.fini1)
 *(.fini0)
 .fini0         0x00000786        0x4 c:/winavr-20080610/bin/../lib/gcc/avr/4.3.0/avr4\libgcc.a(_exit.o)
 *(.fini0)
                0x0000078a                _etext = .

.data           0x00800060        0xa load address 0x0000078a
                0x00800060                PROVIDE (__data_start, .)
 *(.data)
 .data          0x00800060        0x0 c:/winavr-20080610/bin/../lib/gcc/avr/4.3.0/../../../../avr/lib/avr4/crtm8.o
 .data          0x00800060        0x0 Main.o
 .data          0x00800060        0x0 RCServo.o
 .data          0x00800060        0xa Led7.o
                0x00800060                led7_data
 .data          0x0080006a        0x0 RF.o
 .data          0x0080006a        0x0 Sensor.o
 .data          0x0080006a        0x0 Race.o
 .data          0x0080006a        0x0 EEPROM.o
 .data          0x0080006a        0x0 Timer.o
 .data          0x0080006a        0x0 c:/winavr-20080610/bin/../lib/gcc/avr/4.3.0/avr4\libgcc.a(_udivmodqi4.o)
 .data          0x0080006a        0x0 c:/winavr-20080610/bin/../lib/gcc/avr/4.3.0/avr4\libgcc.a(_udivmodhi4.o)
 .data          0x0080006a        0x0 c:/winavr-20080610/bin/../lib/gcc/avr/4.3.0/avr4\libgcc.a(_divmodhi4.o)
 .data          0x0080006a        0x0 c:/winavr-20080610/bin/../lib/gcc/avr/4.3.0/avr4\libgcc.a(_exit.o)
 .data          0x0080006a        0x0 c:/winavr-20080610/bin/../lib/gcc/avr/4.3.0/avr4\libgcc.a(_copy_data.o)
 .data          0x0080006a        0x0 c:/winavr-20080610/bin/../lib/gcc/avr/4.3.0/avr4\libgcc.a(_clear_bss.o)
 *(.data*)
 *(.rodata)
 *(.rodata*)
 *(.gnu.linkonce.d*)
                0x0080006a                . = ALIGN (0x2)
                0x0080006a                _edata = .
                0x0080006a                PROVIDE (__data_end, .)

.bss            0x0080006a       0x57 load address 0x00000794
                0x0080006a                PROVIDE (__bss_start, .)
 *(.bss)
 .bss           0x0080006a        0x0 c:/winavr-20080610/bin/../lib/gcc/avr/4.3.0/../../../../avr/lib/avr4/crtm8.o
 .bss           0x0080006a        0x0 Main.o
 .bss           0x0080006a        0x0 RCServo.o
 .bss           0x0080006a        0x6 Led7.o
                0x0080006a                ScanBuffer
 .bss           0x00800070        0x0 RF.o
 .bss           0x00800070        0x0 Sensor.o
 .bss           0x00800070        0x1 Race.o
                0x00800070                Player
 .bss           0x00800071        0x0 EEPROM.o
 .bss           0x00800071        0x0 Timer.o
 .bss           0x00800071        0x0 c:/winavr-20080610/bin/../lib/gcc/avr/4.3.0/avr4\libgcc.a(_udivmodqi4.o)
 .bss           0x00800071        0x0 c:/winavr-20080610/bin/../lib/gcc/avr/4.3.0/avr4\libgcc.a(_udivmodhi4.o)
 .bss           0x00800071        0x0 c:/winavr-20080610/bin/../lib/gcc/avr/4.3.0/avr4\libgcc.a(_divmodhi4.o)
 .bss           0x00800071        0x0 c:/winavr-20080610/bin/../lib/gcc/avr/4.3.0/avr4\libgcc.a(_exit.o)
 .bss           0x00800071        0x0 c:/winavr-20080610/bin/../lib/gcc/avr/4.3.0/avr4\libgcc.a(_copy_data.o)
 .bss           0x00800071        0x0 c:/winavr-20080610/bin/../lib/gcc/avr/4.3.0/avr4\libgcc.a(_clear_bss.o)
 *(.bss*)
 *(COMMON)
 COMMON         0x00800071        0x3 Main.o
                0x00800071                tmp
                0x00800072                GetCommand
                0x00800073                tmp1
 COMMON         0x00800074        0x3 Led7.o
                0x00800074                Second
                0x00800076                Tick
 COMMON         0x00800077        0x7 Sensor.o
                0x00800077                Input0
                0x00800078                Input2
                0x00800079                Input3
                0x0080007a                Input1
                0x0080007b                SensorFlag
                0x0080007c                OldInput
                0x0080007d                ButtonFlag
 COMMON         0x0080007e       0x41 Race.o
                0x0080007e                FlagFirstTimeGetSensor
                0x0080007f                DelayTime
                0x00800081                StorageResult
                0x008000bd                RaceStatus
                0x008000be                Lap
 COMMON         0x008000bf        0x2 Timer.o
                0x008000bf                IndexScanLed
                0x008000c0                CountTimer
                0x008000c1                PROVIDE (__bss_end, .)
                0x0000078a                __data_load_start = LOADADDR (.data)
                0x00000794                __data_load_end = (__data_load_start + SIZEOF (.data))

.noinit         0x008000c1        0x0
                0x008000c1                PROVIDE (__noinit_start, .)
 *(.noinit*)
                0x008000c1                PROVIDE (__noinit_end, .)
                0x008000c1                _end = .
                0x008000c1                PROVIDE (__heap_start, .)

.eeprom         0x00810000        0x0
 *(.eeprom*)
                0x00810000                __eeprom_end = .

.fuse
 *(.fuse)
 *(.lfuse)
 *(.hfuse)
 *(.efuse)

.lock
 *(.lock*)

.signature
 *(.signature*)

.stab
 *(.stab)

.stabstr
 *(.stabstr)

.stab.excl
 *(.stab.excl)

.stab.exclstr
 *(.stab.exclstr)

.stab.index
 *(.stab.index)

.stab.indexstr
 *(.stab.indexstr)

.comment
 *(.comment)

.debug
 *(.debug)

.line
 *(.line)

.debug_srcinfo
 *(.debug_srcinfo)

.debug_sfnames
 *(.debug_sfnames)

.debug_aranges  0x00000000      0x100
 *(.debug_aranges)
 .debug_aranges
                0x00000000       0x20 Main.o
 .debug_aranges
                0x00000020       0x20 RCServo.o
 .debug_aranges
                0x00000040       0x20 Led7.o
 .debug_aranges
                0x00000060       0x20 RF.o
 .debug_aranges
                0x00000080       0x20 Sensor.o
 .debug_aranges
                0x000000a0       0x20 Race.o
 .debug_aranges
                0x000000c0       0x20 EEPROM.o
 .debug_aranges
                0x000000e0       0x20 Timer.o

.debug_pubnames
                0x00000000      0x315
 *(.debug_pubnames)
 .debug_pubnames
                0x00000000       0x4c Main.o
 .debug_pubnames
                0x0000004c       0x1d RCServo.o
 .debug_pubnames
                0x00000069       0xb5 Led7.o
 .debug_pubnames
                0x0000011e       0x3a RF.o
 .debug_pubnames
                0x00000158       0x8a Sensor.o
 .debug_pubnames
                0x000001e2       0xb0 Race.o
 .debug_pubnames
                0x00000292       0x33 EEPROM.o
 .debug_pubnames
                0x000002c5       0x50 Timer.o

.debug_info     0x00000000      0xebb
 *(.debug_info)
 .debug_info    0x00000000      0x260 Main.o
 .debug_info    0x00000260       0x82 RCServo.o
 .debug_info    0x000002e2      0x27f Led7.o
 .debug_info    0x00000561       0xac RF.o
 .debug_info    0x0000060d      0x107 Sensor.o
 .debug_info    0x00000714      0x602 Race.o
 .debug_info    0x00000d16       0xbe EEPROM.o
 .debug_info    0x00000dd4       0xe7 Timer.o
 *(.gnu.linkonce.wi.*)

.debug_abbrev   0x00000000      0x6a6
 *(.debug_abbrev)
 .debug_abbrev  0x00000000      0x199 Main.o
 .debug_abbrev  0x00000199       0x4e RCServo.o
 .debug_abbrev  0x000001e7      0x16e Led7.o
 .debug_abbrev  0x00000355       0x78 RF.o
 .debug_abbrev  0x000003cd       0x55 Sensor.o
 .debug_abbrev  0x00000422      0x193 Race.o
 .debug_abbrev  0x000005b5       0x76 EEPROM.o
 .debug_abbrev  0x0000062b       0x7b Timer.o

.debug_line     0x00000000      0xf41
 *(.debug_line)
 .debug_line    0x00000000      0x312 Main.o
 .debug_line    0x00000312       0x71 RCServo.o
 .debug_line    0x00000383      0x2a9 Led7.o
 .debug_line    0x0000062c       0xbf RF.o
 .debug_line    0x000006eb       0xc7 Sensor.o
 .debug_line    0x000007b2      0x50f Race.o
 .debug_line    0x00000cc1       0xbf EEPROM.o
 .debug_line    0x00000d80      0x1c1 Timer.o

.debug_frame    0x00000000      0x200
 *(.debug_frame)
 .debug_frame   0x00000000       0x30 Main.o
 .debug_frame   0x00000030       0x20 RCServo.o
 .debug_frame   0x00000050       0x90 Led7.o
 .debug_frame   0x000000e0       0x40 RF.o
 .debug_frame   0x00000120       0x30 Sensor.o
 .debug_frame   0x00000150       0x50 Race.o
 .debug_frame   0x000001a0       0x30 EEPROM.o
 .debug_frame   0x000001d0       0x30 Timer.o

.debug_str      0x00000000      0x368
 *(.debug_str)
 .debug_str     0x00000000      0x10b Main.o
                                0x13f (size before relaxing)
 .debug_str     0x0000010b       0x23 RCServo.o
                                 0xc1 (size before relaxing)
 .debug_str     0x0000012e       0x9d Led7.o
                                0x13b (size before relaxing)
 .debug_str     0x000001cb       0x27 RF.o
                                 0xc5 (size before relaxing)
 .debug_str     0x000001f2       0x5c Sensor.o
                                0x105 (size before relaxing)
 .debug_str     0x0000024e       0x9f Race.o
                                0x1c9 (size before relaxing)
 .debug_str     0x000002ed       0x3c EEPROM.o
                                 0xda (size before relaxing)
 .debug_str     0x00000329       0x3f Timer.o
                                 0xfe (size before relaxing)

.debug_loc      0x00000000      0x28e
 *(.debug_loc)
 .debug_loc     0x00000000       0xa8 Main.o
 .debug_loc     0x000000a8       0x18 RCServo.o
 .debug_loc     0x000000c0       0x39 Led7.o
 .debug_loc     0x000000f9      0x17d Race.o
 .debug_loc     0x00000276       0x18 EEPROM.o

.debug_macinfo
 *(.debug_macinfo)
OUTPUT(BCRGate.elf elf32-avr)
LOAD linker stubs

.debug_ranges   0x00000000      0x108
 .debug_ranges  0x00000000       0x48 Main.o
 .debug_ranges  0x00000048       0xc0 Race.o
